// Jest Snapshot v1, https://goo.gl/fbAQLP

exports[`Tests for Profile Page renders correctly snapshot 1`] = `
Object {
  "asFragment": [Function],
  "baseElement": <body>
    <div>
      <div
        style="padding: 2rem 3rem; display: flex; gap: 2rem;"
      >
        <section
          class="missions"
        >
          <h2>
            My Missions
          </h2>
          <table
            class="missions-table"
          >
            <tbody />
          </table>
        </section>
        <div>
          <h2>
             My Rockets
          </h2>
          <p>
            Your booked Rockets will appear here
          </p>
        </div>
      </div>
    </div>
  </body>,
  "container": <div>
    <div
      style="padding: 2rem 3rem; display: flex; gap: 2rem;"
    >
      <section
        class="missions"
      >
        <h2>
          My Missions
        </h2>
        <table
          class="missions-table"
        >
          <tbody />
        </table>
      </section>
      <div>
        <h2>
           My Rockets
        </h2>
        <p>
          Your booked Rockets will appear here
        </p>
      </div>
    </div>
  </div>,
  "debug": [Function],
  "findAllByAltText": [Function],
  "findAllByDisplayValue": [Function],
  "findAllByLabelText": [Function],
  "findAllByPlaceholderText": [Function],
  "findAllByRole": [Function],
  "findAllByTestId": [Function],
  "findAllByText": [Function],
  "findAllByTitle": [Function],
  "findByAltText": [Function],
  "findByDisplayValue": [Function],
  "findByLabelText": [Function],
  "findByPlaceholderText": [Function],
  "findByRole": [Function],
  "findByTestId": [Function],
  "findByText": [Function],
  "findByTitle": [Function],
  "getAllByAltText": [Function],
  "getAllByDisplayValue": [Function],
  "getAllByLabelText": [Function],
  "getAllByPlaceholderText": [Function],
  "getAllByRole": [Function],
  "getAllByTestId": [Function],
  "getAllByText": [Function],
  "getAllByTitle": [Function],
  "getByAltText": [Function],
  "getByDisplayValue": [Function],
  "getByLabelText": [Function],
  "getByPlaceholderText": [Function],
  "getByRole": [Function],
  "getByTestId": [Function],
  "getByText": [Function],
  "getByTitle": [Function],
  "queryAllByAltText": [Function],
  "queryAllByDisplayValue": [Function],
  "queryAllByLabelText": [Function],
  "queryAllByPlaceholderText": [Function],
  "queryAllByRole": [Function],
  "queryAllByTestId": [Function],
  "queryAllByText": [Function],
  "queryAllByTitle": [Function],
  "queryByAltText": [Function],
  "queryByDisplayValue": [Function],
  "queryByLabelText": [Function],
  "queryByPlaceholderText": [Function],
  "queryByRole": [Function],
  "queryByTestId": [Function],
  "queryByText": [Function],
  "queryByTitle": [Function],
  "rerender": [Function],
  "unmount": [Function],
}
`;
