// Jest Snapshot v1, https://goo.gl/fbAQLP

exports[`Navbar Renders Nav component 1`] = `
Object {
  "asFragment": [Function],
  "baseElement": <body>
    <div>
      <nav>
        <div
          class="logo-container"
        >
          <img
            alt="logo"
            class="nav-logo"
            src="planetColors.png"
          />
          <h1
            class="nav-h1"
          >
            Space Travelers Hub
          </h1>
        </div>
        <ul
          class="nav-ul"
        >
          <li
            class="nav-li"
          >
            <a
              aria-current="page"
              class="nav-link activated"
              href="/"
            >
              Rockets
            </a>
          </li>
          <span>
            |
          </span>
          <li
            class="nav-li"
          >
            <a
              class="nav-link"
              href="/missions"
            >
              Missions
            </a>
          </li>
          <span>
            |
          </span>
          <li
            class="nav-li"
          >
            <a
              class="nav-link"
              href="/my-profile"
            >
              My profile
            </a>
          </li>
        </ul>
      </nav>
    </div>
  </body>,
  "container": <div>
    <nav>
      <div
        class="logo-container"
      >
        <img
          alt="logo"
          class="nav-logo"
          src="planetColors.png"
        />
        <h1
          class="nav-h1"
        >
          Space Travelers Hub
        </h1>
      </div>
      <ul
        class="nav-ul"
      >
        <li
          class="nav-li"
        >
          <a
            aria-current="page"
            class="nav-link activated"
            href="/"
          >
            Rockets
          </a>
        </li>
        <span>
          |
        </span>
        <li
          class="nav-li"
        >
          <a
            class="nav-link"
            href="/missions"
          >
            Missions
          </a>
        </li>
        <span>
          |
        </span>
        <li
          class="nav-li"
        >
          <a
            class="nav-link"
            href="/my-profile"
          >
            My profile
          </a>
        </li>
      </ul>
    </nav>
  </div>,
  "debug": [Function],
  "findAllByAltText": [Function],
  "findAllByDisplayValue": [Function],
  "findAllByLabelText": [Function],
  "findAllByPlaceholderText": [Function],
  "findAllByRole": [Function],
  "findAllByTestId": [Function],
  "findAllByText": [Function],
  "findAllByTitle": [Function],
  "findByAltText": [Function],
  "findByDisplayValue": [Function],
  "findByLabelText": [Function],
  "findByPlaceholderText": [Function],
  "findByRole": [Function],
  "findByTestId": [Function],
  "findByText": [Function],
  "findByTitle": [Function],
  "getAllByAltText": [Function],
  "getAllByDisplayValue": [Function],
  "getAllByLabelText": [Function],
  "getAllByPlaceholderText": [Function],
  "getAllByRole": [Function],
  "getAllByTestId": [Function],
  "getAllByText": [Function],
  "getAllByTitle": [Function],
  "getByAltText": [Function],
  "getByDisplayValue": [Function],
  "getByLabelText": [Function],
  "getByPlaceholderText": [Function],
  "getByRole": [Function],
  "getByTestId": [Function],
  "getByText": [Function],
  "getByTitle": [Function],
  "queryAllByAltText": [Function],
  "queryAllByDisplayValue": [Function],
  "queryAllByLabelText": [Function],
  "queryAllByPlaceholderText": [Function],
  "queryAllByRole": [Function],
  "queryAllByTestId": [Function],
  "queryAllByText": [Function],
  "queryAllByTitle": [Function],
  "queryByAltText": [Function],
  "queryByDisplayValue": [Function],
  "queryByLabelText": [Function],
  "queryByPlaceholderText": [Function],
  "queryByRole": [Function],
  "queryByTestId": [Function],
  "queryByText": [Function],
  "queryByTitle": [Function],
  "rerender": [Function],
  "unmount": [Function],
}
`;
